C51 COMPILER V9.56.0.0   1602                                                              01/26/2018 20:26:53 PAGE 1   


C51 COMPILER V9.56.0.0, COMPILATION OF MODULE 1602
OBJECT MODULE PLACED IN .\Objects\1602.obj
COMPILER INVOKED BY: D:\Keil_v5\C51\BIN\C51.EXE Driver\1602.c LARGE OPTIMIZE(8,SPEED) BROWSE DEBUG OBJECTEXTEND PRINT(.\
                    -Listings\1602.lst) TABS(2) OBJECT(.\Objects\1602.obj)

line level    source

   1          #include "1602.h"
   2            
   3          /*========================================================================*/
   4          /*函数名称:void LcdWriteReady()
   5          /*函数功能:检测1602是否忙
   6          /*输入参数:无
   7          /*输出参数:无
   8          /*========================================================================*/
   9          void LcdWriteReady()
  10          {
  11   1        uchar sta;                                
  12   1        LCD1602_DB=0xFF;                          
  13   1        LCD1602_RS=0;                             
  14   1        LCD1602_RW=1;
  15   1        do                                         
  16   1        {
  17   2          LCD1602_E=1;
  18   2          sta=LCD1602_DB;
  19   2          LCD1602_E=0;
  20   2        }while(sta&0x80);                       
  21   1      }
  22          
  23          /*========================================================================*/
  24          /*函数名称:void LcdWriteCmd(uchar cmd)
  25          /*函数功能:向Lcd写入命令
  26          /*输入参数:cmd
  27          /*输出参数:无
  28          /*========================================================================*/
  29          void LcdWriteCmd(uchar cmd)
  30          {
  31   1        LcdWriteReady();                           
  32   1        LCD1602_RS=0;                             
  33   1        LCD1602_RW=0;
  34   1        LCD1602_DB=cmd;
  35   1        LCD1602_E=1;
  36   1        LCD1602_E=0;
  37   1      }
  38          
  39          /*========================================================================*/
  40          /*函数名称:void LcdWriteDat(uchar dat)
  41          /*函数功能:向Lcd写入数据
  42          /*输入参数:dat
  43          /*输出参数:无
  44          /*========================================================================*/
  45          void LcdWriteDat(uchar dat)
  46          {
  47   1        LcdWriteReady();                           
  48   1        LCD1602_RS=1;                             
  49   1        LCD1602_RW=0;
  50   1        LCD1602_DB=dat;
  51   1        LCD1602_E=1;
  52   1        LCD1602_E=0;
  53   1      }
  54          
C51 COMPILER V9.56.0.0   1602                                                              01/26/2018 20:26:53 PAGE 2   

  55          /*========================================================================*/
  56          /*函数名称:void InitLcd1602()
  57          /*函数功能:初始化Lcd1602
  58          /*输入参数:无
  59          /*输出参数:无
  60          /*========================================================================*/
  61          void InitLcd1602()
  62          {
  63   1        LcdWriteCmd(0x38);                         
  64   1        LcdWriteCmd(0x0c);                        
  65   1        LcdWriteCmd(0x06);                      
  66   1        LcdWriteCmd(0x01);  
  67   1        LcdShowStr(15,1,"0"); 
  68   1      }
  69          
  70          /*========================================================================*/
  71          /*函数名称:void LcdSetCursor(uchar x,uchar y)    
  72          /*函数功能:LCD设置坐标
  73          /*输入参数:横坐标x 纵坐标 y
  74          /*输出参数:无
  75          /*========================================================================*/
  76          void LcdSetCursor(uchar x,uchar y)          
  77          {
  78   1        uchar addr;
  79   1        if(y==0)
  80   1        {
  81   2          addr=0x00+x;                         
  82   2        }
  83   1        else
  84   1        {
  85   2          addr=0x40+x;                             
  86   2        }
  87   1        LcdWriteCmd(addr|0x80);                   
  88   1      }
  89          
  90          /*========================================================================*/
  91          /*函数名称:void LcdShowStr(uchar x,uchar y,uchar *str)
  92          /*函数功能:LCD1602显示字符串
  93          /*输入参数:横坐标x 纵坐标 y 字符串 str
  94          /*输出参数:无
  95          /*========================================================================*/
  96          void LcdShowStr(uchar x,uchar y,uchar *str)
  97          {
  98   1        LcdSetCursor(x,y);                         //设置起始坐标
  99   1        while(*str!='\0')                          //当字符串没有结束时连续写入
 100   1        {
 101   2          LcdWriteDat(*str++);                     //先取str指向的数据 再将str+1
 102   2        }
 103   1      }
 104          
 105          /*========================================================================*/
 106          /*函数名称:void LcdShowDat(uchar x,uchar y,uchar num)
 107          /*函数功能:LCD1602显示数据
 108          /*输入参数:横坐标x 纵坐标 y 数据 num
 109          /*输出参数:无
 110          /*========================================================================*/
 111          void LcdShowDat(uchar x,uchar y,uchar num)
 112          {
 113   1        LcdSetCursor(x,y);
 114   1        LcdWriteDat(num);
 115   1      }
 116          
C51 COMPILER V9.56.0.0   1602                                                              01/26/2018 20:26:53 PAGE 3   

 117          /*========================================================================*/
 118          /*函数名称:void LcdAreaClear(uchar x,uchar y,uchar len)
 119          /*函数功能:LCD1602区域清除
 120          /*输入参数:横坐标x 纵坐标 y 长度 len
 121          /*输出参数:无
 122          /*========================================================================*/
 123          void LcdAreaClear(uchar x,uchar y,uchar len)
 124          {
 125   1        LcdSetCursor(x,y);
 126   1        while(len--)
 127   1        {
 128   2          LcdWriteDat(' ');
 129   2        }
 130   1      }
 131          
 132          /*========================================================================*/
 133          /*函数名称:void LcdClearAll()
 134          /*函数功能:LCD1602全部清除
 135          /*输入参数:无
 136          /*输出参数:无
 137          /*========================================================================*/
 138          void LcdClearAll()
 139          {
 140   1        LcdWriteCmd(0x01);
 141   1      }
 142          


MODULE INFORMATION:   STATIC OVERLAYABLE
   CODE SIZE        =    189    ----
   CONSTANT SIZE    =      2    ----
   XDATA SIZE       =   ----       3
   PDATA SIZE       =   ----    ----
   DATA SIZE        =   ----    ----
   IDATA SIZE       =   ----    ----
   BIT SIZE         =   ----    ----
END OF MODULE INFORMATION.


C51 COMPILATION COMPLETE.  0 WARNING(S),  0 ERROR(S)
